CxlResult:/afs/ece.cmu.edu/usr/cmbarker/Private/Atari7800/maria/maria.cache/compile_simlib/unisim/.cxl.vhdl.unisim.unisim.lin64.rpt =
	ExecutionPlatform = lin64 ,
	SourceLibrary = unisim ,
	SourcePath = /afs/ece.cmu.edu/support/xilinx/xilinx.release/Vivado-2015.2/Vivado/2015.2/data/vhdl/src/unisims ,
	Simulator = vcs_mx ,
	SimulatorVersion = F-2011.12 ,
	CompiledLibrary = unisim ,
	CompiledPath = /afs/ece.cmu.edu/usr/cmbarker/Private/Atari7800/maria/maria.cache/compile_simlib/unisim/64 ,
	Timestamp = Thu Oct 15 21:51:10 2015 ,
	Time = 1444960270 ,
	Language = vhdl ,
	XilinxBuildNumber = 13.0 ,
	XilinxVersion = 2015.2 ,
	LogFile = /afs/ece.cmu.edu/usr/cmbarker/Private/Atari7800/maria/maria.cache/compile_simlib/unisim/.cxl.vhdl.unisim.unisim.lin64.log ,
	NumOfErrors = 3 ,
	NumOfWarnings = 0 ,
	Error = /afs/ece.cmu.edu/support/synopsys/synopsys/share/image/usr/local/synopsys/vcs-mx_vF-2011.12-SP1/bin/vhdlan -nc -full64 -work unisim -f /afs/ece.cmu.edu/usr/cmbarker/Private/Atari7800/maria/maria.cache/compile_simlib/unisim/.cxl.vhdl.unisim.unisim.lin64.cmf -f /afs/ece.cmu.edu/usr/cmbarker/Private/Atari7800/maria/maria.cache/compile_simlib/unisim/.cxl.vhdl.secureip_vhdl_unisim.unisim.lin64.cmf ,
